------------------------------------------------------------
TimeQuest Timing Analyzer Summary
------------------------------------------------------------

Type  : Slow Model Setup 'counter_clock[2]'
Slack : -67.813
TNS   : -9452.099

Type  : Slow Model Setup 'CLOCK_50'
Slack : -64.330
TNS   : -2579.074

Type  : Slow Model Hold 'CLOCK_50'
Slack : -2.695
TNS   : -2.695

Type  : Slow Model Hold 'counter_clock[2]'
Slack : 0.445
TNS   : 0.000

Type  : Slow Model Minimum Pulse Width 'CLOCK_50'
Slack : -2.064
TNS   : -510.371

Type  : Slow Model Minimum Pulse Width 'counter_clock[2]'
Slack : -2.064
TNS   : -217.382

Type  : Fast Model Setup 'counter_clock[2]'
Slack : -24.669
TNS   : -3413.418

Type  : Fast Model Setup 'CLOCK_50'
Slack : -23.189
TNS   : -774.948

Type  : Fast Model Hold 'CLOCK_50'
Slack : -1.725
TNS   : -1.725

Type  : Fast Model Hold 'counter_clock[2]'
Slack : 0.215
TNS   : 0.000

Type  : Fast Model Minimum Pulse Width 'CLOCK_50'
Slack : -1.880
TNS   : -426.100

Type  : Fast Model Minimum Pulse Width 'counter_clock[2]'
Slack : -1.880
TNS   : -179.800

------------------------------------------------------------
